exports[`Index (Snapshot) Index renders Index is me 1`] = `
<html>
  <head>
    <meta
      charSet="utf-8" />
    <title>
      Test
    </title>
  </head>
  <body>
    <div
      id="content">
      <h1>
        INDEX is Me
      </h1>
      <a
        onClick={[Function]}
        style={Object {}}>
        PROFILE
      </a>
      <a
        onClick={[Function]}
        style={Object {}}>
        RANDOM
      </a>
    </div>
    <script
      dangerouslySetInnerHTML={
        Object {
          "__html": undefined,
        }
      } />
    <script
      src="build/bundle.js" />
  </body>
</html>
`;
